/opt/st/stm32cubeide_1.16.1/plugins/com.st.stm32cube.ide.mcu.externaltools.gnu-tools-for-stm32.12.3.rel1.linux64_1.0.200.202406132123/tools/arm-none-eabi/include/c++/12.3.1/type_traits:3520:3:constexpr bool std::is_constant_evaluated()	4	static
/opt/st/stm32cubeide_1.16.1/plugins/com.st.stm32cube.ide.mcu.externaltools.gnu-tools-for-stm32.12.3.rel1.linux64_1.0.200.202406132123/tools/arm-none-eabi/include/c++/12.3.1/new:174:33:void* operator new(std::size_t, void*)	16	static
/opt/st/stm32cubeide_1.16.1/plugins/com.st.stm32cube.ide.mcu.externaltools.gnu-tools-for-stm32.12.3.rel1.linux64_1.0.200.202406132123/tools/arm-none-eabi/include/c++/12.3.1/arm-none-eabi/thumb/v7e-m+dp/hard/bits/gthr-default.h:229:1:int __gthread_key_delete(__gthread_key_t)	16	static
../Core/Inc/util_ring_allocator_std.h:42:15:util::ring_allocator_base_std::buffer_type::buffer_type()	16	static
../Core/Src/cpp_main.cpp:21:7:float detectAndGetWeight()	16	static
/opt/st/stm32cubeide_1.16.1/plugins/com.st.stm32cube.ide.mcu.externaltools.gnu-tools-for-stm32.12.3.rel1.linux64_1.0.200.202406132123/tools/arm-none-eabi/include/c++/12.3.1/bits/stl_vector.h:312:7:constexpr std::_Vector_base<_Tp, _Alloc>::_Vector_base() [with _Tp = Package*; _Alloc = util::ring_allocator_std<Package*>]	16	static
/opt/st/stm32cubeide_1.16.1/plugins/com.st.stm32cube.ide.mcu.externaltools.gnu-tools-for-stm32.12.3.rel1.linux64_1.0.200.202406132123/tools/arm-none-eabi/include/c++/12.3.1/bits/stl_vector.h:526:7:constexpr std::vector<_Tp, _Alloc>::vector() [with _Tp = Package*; _Alloc = util::ring_allocator_std<Package*>]	16	static
../Core/Inc/util_ring_allocator_std.h:31:11:util::ring_allocator_base_std::ring_allocator_base_std()	16	static
../Core/Inc/util_ring_allocator_std.h:27:19:constexpr util::ring_allocator_base_std::~ring_allocator_base_std()	16	static
../Core/Inc/util_ring_allocator_std.h:27:19:virtual constexpr util::ring_allocator_base_std::~ring_allocator_base_std()	16	static
../Core/Inc/util_ring_allocator_std.h:137:7:util::ring_allocator_std<T, buffer_alignment>::ring_allocator_std() [with T = Package*; unsigned int buffer_alignment = 16]	16	static
../Core/Inc/util_ring_allocator_std.h:125:11:constexpr util::ring_allocator_std<Package*>::~ring_allocator_std()	16	static
../Core/Inc/util_ring_allocator_std.h:125:11:virtual constexpr util::ring_allocator_std<Package*>::~ring_allocator_std()	16	static
/opt/st/stm32cubeide_1.16.1/plugins/com.st.stm32cube.ide.mcu.externaltools.gnu-tools-for-stm32.12.3.rel1.linux64_1.0.200.202406132123/tools/arm-none-eabi/include/c++/12.3.1/bits/stl_vector.h:137:2:constexpr std::_Vector_base<_Tp, _Alloc>::_Vector_impl::_Vector_impl() [with _Tp = Package*; _Alloc = util::ring_allocator_std<Package*>]	16	static
/opt/st/stm32cubeide_1.16.1/plugins/com.st.stm32cube.ide.mcu.externaltools.gnu-tools-for-stm32.12.3.rel1.linux64_1.0.200.202406132123/tools/arm-none-eabi/include/c++/12.3.1/bits/stl_vector.h:987:7:constexpr std::vector<_Tp, _Alloc>::size_type std::vector<_Tp, _Alloc>::size() const [with _Tp = Package*; _Alloc = util::ring_allocator_std<Package*>]	16	static
/opt/st/stm32cubeide_1.16.1/plugins/com.st.stm32cube.ide.mcu.externaltools.gnu-tools-for-stm32.12.3.rel1.linux64_1.0.200.202406132123/tools/arm-none-eabi/include/c++/12.3.1/bits/stl_iterator.h:1193:5:constexpr bool __gnu_cxx::operator==(const __normal_iterator<_Iterator, _Container>&, const __normal_iterator<_Iterator, _Container>&) requires requires{{__gnu_cxx::operator==::__lhs->base() == __gnu_cxx::operator==::__rhs->base()} -> decltype(auto) [requires std::convertible_to<<placeholder>, bool>];} [with _Iterator = Package**; _Container = std::vector<Package*, util::ring_allocator_std<Package*> >]	24	static
/opt/st/stm32cubeide_1.16.1/plugins/com.st.stm32cube.ide.mcu.externaltools.gnu-tools-for-stm32.12.3.rel1.linux64_1.0.200.202406132123/tools/arm-none-eabi/include/c++/12.3.1/bits/stl_iterator.h:1158:7:constexpr const _Iterator& __gnu_cxx::__normal_iterator<_Iterator, _Container>::base() const [with _Iterator = Package**; _Container = std::vector<Package*, util::ring_allocator_std<Package*> >]	16	static
/opt/st/stm32cubeide_1.16.1/plugins/com.st.stm32cube.ide.mcu.externaltools.gnu-tools-for-stm32.12.3.rel1.linux64_1.0.200.202406132123/tools/arm-none-eabi/include/c++/12.3.1/bits/stl_iterator.h:1095:7:constexpr __gnu_cxx::__normal_iterator<_Iterator, _Container>::reference __gnu_cxx::__normal_iterator<_Iterator, _Container>::operator*() const [with _Iterator = Package**; _Container = std::vector<Package*, util::ring_allocator_std<Package*> >]	16	static
../Core/Src/cpp_main.cpp:30:6:void cpp_main()	352	static
../CPP_Core/Inc/pool.h:64:1:k2lib::Pool<T, SIZE>::Pool() [with T = Package; int SIZE = 5]	32	static
/opt/st/stm32cubeide_1.16.1/plugins/com.st.stm32cube.ide.mcu.externaltools.gnu-tools-for-stm32.12.3.rel1.linux64_1.0.200.202406132123/tools/arm-none-eabi/include/c++/12.3.1/bits/stl_vector.h:99:2:constexpr std::_Vector_base<_Tp, _Alloc>::_Vector_impl_data::_Vector_impl_data() [with _Tp = Package*; _Alloc = util::ring_allocator_std<Package*>]	16	static
/opt/st/stm32cubeide_1.16.1/plugins/com.st.stm32cube.ide.mcu.externaltools.gnu-tools-for-stm32.12.3.rel1.linux64_1.0.200.202406132123/tools/arm-none-eabi/include/c++/12.3.1/bits/stl_vector.h:1317:7:constexpr void std::vector<_Tp, _Alloc>::pop_back() [with _Tp = Package*; _Alloc = util::ring_allocator_std<Package*>]	16	static
../CPP_Core/Inc/pool.h:74:4:T* k2lib::Pool<T, SIZE>::palloc() [with T = Package; int SIZE = 5]	24	static
/opt/st/stm32cubeide_1.16.1/plugins/com.st.stm32cube.ide.mcu.externaltools.gnu-tools-for-stm32.12.3.rel1.linux64_1.0.200.202406132123/tools/arm-none-eabi/include/c++/12.3.1/bits/stl_vector.h:868:7:constexpr std::vector<_Tp, _Alloc>::iterator std::vector<_Tp, _Alloc>::begin() [with _Tp = Package*; _Alloc = util::ring_allocator_std<Package*>]	24	static
/opt/st/stm32cubeide_1.16.1/plugins/com.st.stm32cube.ide.mcu.externaltools.gnu-tools-for-stm32.12.3.rel1.linux64_1.0.200.202406132123/tools/arm-none-eabi/include/c++/12.3.1/bits/stl_iterator.h:1079:2:constexpr __gnu_cxx::__normal_iterator<_Iterator, _Container>::__normal_iterator(const __gnu_cxx::__normal_iterator<_Iter, _Container>&) [with _Iter = Package**; <template-parameter-2-2> = void; _Iterator = Package* const*; _Container = std::vector<Package*, util::ring_allocator_std<Package*> >]	16	static
/opt/st/stm32cubeide_1.16.1/plugins/com.st.stm32cube.ide.mcu.externaltools.gnu-tools-for-stm32.12.3.rel1.linux64_1.0.200.202406132123/tools/arm-none-eabi/include/c++/12.3.1/bits/stl_iterator.h:1317:5:base())) __gnu_cxx::operator-(const __normal_iterator<_IteratorL, _Container>&, const __normal_iterator<_IteratorR, _Container>&) [with _IteratorL = Package* const*; _IteratorR = Package**; _Container = std::vector<Package*, util::ring_allocator_std<Package*> >]	24	static
/opt/st/stm32cubeide_1.16.1/plugins/com.st.stm32cube.ide.mcu.externaltools.gnu-tools-for-stm32.12.3.rel1.linux64_1.0.200.202406132123/tools/arm-none-eabi/include/c++/12.3.1/bits/vector.tcc:133:5:constexpr std::vector<_Tp, _Alloc>::iterator std::vector<_Tp, _Alloc>::insert(const_iterator, const value_type&) [with _Tp = Package*; _Alloc = util::ring_allocator_std<Package*>]	72	static
/opt/st/stm32cubeide_1.16.1/plugins/com.st.stm32cube.ide.mcu.externaltools.gnu-tools-for-stm32.12.3.rel1.linux64_1.0.200.202406132123/tools/arm-none-eabi/include/c++/12.3.1/bits/stl_vector.h:888:7:constexpr std::vector<_Tp, _Alloc>::iterator std::vector<_Tp, _Alloc>::end() [with _Tp = Package*; _Alloc = util::ring_allocator_std<Package*>]	24	static
/opt/st/stm32cubeide_1.16.1/plugins/com.st.stm32cube.ide.mcu.externaltools.gnu-tools-for-stm32.12.3.rel1.linux64_1.0.200.202406132123/tools/arm-none-eabi/include/c++/12.3.1/bits/stl_iterator.h:1105:7:constexpr __gnu_cxx::__normal_iterator<_Iterator, _Container>& __gnu_cxx::__normal_iterator<_Iterator, _Container>::operator++() [with _Iterator = Package**; _Container = std::vector<Package*, util::ring_allocator_std<Package*> >]	16	static
/opt/st/stm32cubeide_1.16.1/plugins/com.st.stm32cube.ide.mcu.externaltools.gnu-tools-for-stm32.12.3.rel1.linux64_1.0.200.202406132123/tools/arm-none-eabi/include/c++/12.3.1/bits/stl_vector.h:383:7:constexpr void std::_Vector_base<_Tp, _Alloc>::_M_deallocate(pointer, std::size_t) [with _Tp = Package*; _Alloc = util::ring_allocator_std<Package*>]	24	static
/opt/st/stm32cubeide_1.16.1/plugins/com.st.stm32cube.ide.mcu.externaltools.gnu-tools-for-stm32.12.3.rel1.linux64_1.0.200.202406132123/tools/arm-none-eabi/include/c++/12.3.1/bits/stl_vector.h:298:7:constexpr std::_Vector_base<_Tp, _Alloc>::_Tp_alloc_type& std::_Vector_base<_Tp, _Alloc>::_M_get_Tp_allocator() [with _Tp = Package*; _Alloc = util::ring_allocator_std<Package*>]	16	static
/opt/st/stm32cubeide_1.16.1/plugins/com.st.stm32cube.ide.mcu.externaltools.gnu-tools-for-stm32.12.3.rel1.linux64_1.0.200.202406132123/tools/arm-none-eabi/include/c++/12.3.1/bits/alloc_traits.h:376:2:static constexpr void std::allocator_traits< <template-parameter-1-1> >::destroy(_Alloc&, _Tp*) [with _Tp = Package*; _Alloc = util::ring_allocator_std<Package*>]	16	static
../CPP_Core/Inc/pool.h:126:6:bool k2lib::Pool<T, SIZE>::testBit(int) [with T = Package; int SIZE = 5]	24	static
../CPP_Core/Inc/pool.h:149:6:void k2lib::Pool<T, SIZE>::clrBit(int) [with T = Package; int SIZE = 5]	24	static
/opt/st/stm32cubeide_1.16.1/plugins/com.st.stm32cube.ide.mcu.externaltools.gnu-tools-for-stm32.12.3.rel1.linux64_1.0.200.202406132123/tools/arm-none-eabi/include/c++/12.3.1/bits/stl_iterator.h:1072:7:constexpr __gnu_cxx::__normal_iterator<_Iterator, _Container>::__normal_iterator(const _Iterator&) [with _Iterator = Package**; _Container = std::vector<Package*, util::ring_allocator_std<Package*> >]	16	static
/opt/st/stm32cubeide_1.16.1/plugins/com.st.stm32cube.ide.mcu.externaltools.gnu-tools-for-stm32.12.3.rel1.linux64_1.0.200.202406132123/tools/arm-none-eabi/include/c++/12.3.1/bits/stl_iterator.h:1158:7:constexpr const _Iterator& __gnu_cxx::__normal_iterator<_Iterator, _Container>::base() const [with _Iterator = Package* const*; _Container = std::vector<Package*, util::ring_allocator_std<Package*> >]	16	static
/opt/st/stm32cubeide_1.16.1/plugins/com.st.stm32cube.ide.mcu.externaltools.gnu-tools-for-stm32.12.3.rel1.linux64_1.0.200.202406132123/tools/arm-none-eabi/include/c++/12.3.1/bits/stl_iterator.h:1174:5:constexpr bool __gnu_cxx::operator==(const __normal_iterator<_IteratorL, _Container>&, const __normal_iterator<_IteratorR, _Container>&) requires requires{{__gnu_cxx::operator==::__lhs->base() == __gnu_cxx::operator==::__rhs->base()} -> decltype(auto) [requires std::convertible_to<<placeholder>, bool>];} [with _IteratorL = Package* const*; _IteratorR = Package**; _Container = std::vector<Package*, util::ring_allocator_std<Package*> >]	24	static
/opt/st/stm32cubeide_1.16.1/plugins/com.st.stm32cube.ide.mcu.externaltools.gnu-tools-for-stm32.12.3.rel1.linux64_1.0.200.202406132123/tools/arm-none-eabi/include/c++/12.3.1/bits/alloc_traits.h:360:2:) [with _Tp = Package*; _Args = {Package* const&}; _Alloc = util::ring_allocator_std<Package*>]	24	static
/opt/st/stm32cubeide_1.16.1/plugins/com.st.stm32cube.ide.mcu.externaltools.gnu-tools-for-stm32.12.3.rel1.linux64_1.0.200.202406132123/tools/arm-none-eabi/include/c++/12.3.1/bits/stl_vector.h:949:7:constexpr std::vector<_Tp, _Alloc>::const_iterator std::vector<_Tp, _Alloc>::cbegin() const [with _Tp = Package*; _Alloc = util::ring_allocator_std<Package*>]	24	static
/opt/st/stm32cubeide_1.16.1/plugins/com.st.stm32cube.ide.mcu.externaltools.gnu-tools-for-stm32.12.3.rel1.linux64_1.0.200.202406132123/tools/arm-none-eabi/include/c++/12.3.1/bits/stl_iterator.h:1330:5:constexpr typename __gnu_cxx::__normal_iterator<_Iterator, _Container>::difference_type __gnu_cxx::operator-(const __normal_iterator<_Iterator, _Container>&, const __normal_iterator<_Iterator, _Container>&) [with _Iterator = Package* const*; _Container = std::vector<Package*, util::ring_allocator_std<Package*> >]	24	static
/opt/st/stm32cubeide_1.16.1/plugins/com.st.stm32cube.ide.mcu.externaltools.gnu-tools-for-stm32.12.3.rel1.linux64_1.0.200.202406132123/tools/arm-none-eabi/include/c++/12.3.1/bits/stl_iterator.h:1143:7:constexpr __gnu_cxx::__normal_iterator<_Iterator, _Container> __gnu_cxx::__normal_iterator<_Iterator, _Container>::operator+(difference_type) const [with _Iterator = Package**; _Container = std::vector<Package*, util::ring_allocator_std<Package*> >]	24	static
/opt/st/stm32cubeide_1.16.1/plugins/com.st.stm32cube.ide.mcu.externaltools.gnu-tools-for-stm32.12.3.rel1.linux64_1.0.200.202406132123/tools/arm-none-eabi/include/c++/12.3.1/bits/stl_vector.h:1828:4:) [with _Args = {Package* const&}; _Tp = Package*; _Alloc = util::ring_allocator_std<Package*>]	32	static
/opt/st/stm32cubeide_1.16.1/plugins/com.st.stm32cube.ide.mcu.externaltools.gnu-tools-for-stm32.12.3.rel1.linux64_1.0.200.202406132123/tools/arm-none-eabi/include/c++/12.3.1/bits/stl_vector.h:1835:2:constexpr std::vector<_Tp, _Alloc>::_Temporary_value::~_Temporary_value() [with _Tp = Package*; _Alloc = util::ring_allocator_std<Package*>]	24	static
/opt/st/stm32cubeide_1.16.1/plugins/com.st.stm32cube.ide.mcu.externaltools.gnu-tools-for-stm32.12.3.rel1.linux64_1.0.200.202406132123/tools/arm-none-eabi/include/c++/12.3.1/bits/stl_vector.h:1839:2:constexpr std::vector<_Tp, _Alloc>::value_type& std::vector<_Tp, _Alloc>::_Temporary_value::_M_val() [with _Tp = Package*; _Alloc = util::ring_allocator_std<Package*>]	16	static
/opt/st/stm32cubeide_1.16.1/plugins/com.st.stm32cube.ide.mcu.externaltools.gnu-tools-for-stm32.12.3.rel1.linux64_1.0.200.202406132123/tools/arm-none-eabi/include/c++/12.3.1/bits/move.h:104:5:constexpr typename std::remove_reference<_Tp>::type&& std::move(_Tp&&) [with _Tp = Package*&]	16	static
/opt/st/stm32cubeide_1.16.1/plugins/com.st.stm32cube.ide.mcu.externaltools.gnu-tools-for-stm32.12.3.rel1.linux64_1.0.200.202406132123/tools/arm-none-eabi/include/c++/12.3.1/bits/vector.tcc:407:7:constexpr void std::vector<_Tp, _Alloc>::_M_insert_aux(iterator, _Arg&&) [with _Arg = Package*; _Tp = Package*; _Alloc = util::ring_allocator_std<Package*>]	32	static
/opt/st/stm32cubeide_1.16.1/plugins/com.st.stm32cube.ide.mcu.externaltools.gnu-tools-for-stm32.12.3.rel1.linux64_1.0.200.202406132123/tools/arm-none-eabi/include/c++/12.3.1/bits/stl_algobase.h:254:5:constexpr const _Tp& std::max(const _Tp&, const _Tp&) [with _Tp = unsigned int]	16	static
/opt/st/stm32cubeide_1.16.1/plugins/com.st.stm32cube.ide.mcu.externaltools.gnu-tools-for-stm32.12.3.rel1.linux64_1.0.200.202406132123/tools/arm-none-eabi/include/c++/12.3.1/bits/stl_vector.h:1891:7:constexpr std::vector<_Tp, _Alloc>::size_type std::vector<_Tp, _Alloc>::_M_check_len(size_type, const char*) const [with _Tp = Package*; _Alloc = util::ring_allocator_std<Package*>]	40	static
/opt/st/stm32cubeide_1.16.1/plugins/com.st.stm32cube.ide.mcu.externaltools.gnu-tools-for-stm32.12.3.rel1.linux64_1.0.200.202406132123/tools/arm-none-eabi/include/c++/12.3.1/bits/stl_iterator.h:1330:5:constexpr typename __gnu_cxx::__normal_iterator<_Iterator, _Container>::difference_type __gnu_cxx::operator-(const __normal_iterator<_Iterator, _Container>&, const __normal_iterator<_Iterator, _Container>&) [with _Iterator = Package**; _Container = std::vector<Package*, util::ring_allocator_std<Package*> >]	24	static
/opt/st/stm32cubeide_1.16.1/plugins/com.st.stm32cube.ide.mcu.externaltools.gnu-tools-for-stm32.12.3.rel1.linux64_1.0.200.202406132123/tools/arm-none-eabi/include/c++/12.3.1/bits/vector.tcc:439:7:) [with _Args = {Package* const&}; _Tp = Package*; _Alloc = util::ring_allocator_std<Package*>]	64	static
/opt/st/stm32cubeide_1.16.1/plugins/com.st.stm32cube.ide.mcu.externaltools.gnu-tools-for-stm32.12.3.rel1.linux64_1.0.200.202406132123/tools/arm-none-eabi/include/c++/12.3.1/bits/alloc_traits.h:344:7:static constexpr void std::allocator_traits< <template-parameter-1-1> >::deallocate(_Alloc&, pointer, size_type) [with _Alloc = util::ring_allocator_std<Package*>]	24	static
/opt/st/stm32cubeide_1.16.1/plugins/com.st.stm32cube.ide.mcu.externaltools.gnu-tools-for-stm32.12.3.rel1.linux64_1.0.200.202406132123/tools/arm-none-eabi/include/c++/12.3.1/bits/move.h:49:5:constexpr _Tp* std::__addressof(_Tp&) [with _Tp = Package*]	16	static
/opt/st/stm32cubeide_1.16.1/plugins/com.st.stm32cube.ide.mcu.externaltools.gnu-tools-for-stm32.12.3.rel1.linux64_1.0.200.202406132123/tools/arm-none-eabi/include/c++/12.3.1/bits/alloc_traits.h:269:2:destroy(__p)) std::allocator_traits< <template-parameter-1-1> >::_S_destroy(_Alloc2&, _Tp*, int) [with _Alloc2 = util::ring_allocator_std<Package*>; _Tp = Package*; _Alloc = util::ring_allocator_std<Package*>]	24	static
/opt/st/stm32cubeide_1.16.1/plugins/com.st.stm32cube.ide.mcu.externaltools.gnu-tools-for-stm32.12.3.rel1.linux64_1.0.200.202406132123/tools/arm-none-eabi/include/c++/12.3.1/bits/move.h:77:5:constexpr _Tp&& std::forward(typename remove_reference<_Tp>::type&) [with _Tp = Package* const&]	16	static
/opt/st/stm32cubeide_1.16.1/plugins/com.st.stm32cube.ide.mcu.externaltools.gnu-tools-for-stm32.12.3.rel1.linux64_1.0.200.202406132123/tools/arm-none-eabi/include/c++/12.3.1/bits/alloc_traits.h:249:2:) [with _Tp = Package*; _Args = {Package* const&}; _Alloc = util::ring_allocator_std<Package*>]	24	static
/opt/st/stm32cubeide_1.16.1/plugins/com.st.stm32cube.ide.mcu.externaltools.gnu-tools-for-stm32.12.3.rel1.linux64_1.0.200.202406132123/tools/arm-none-eabi/include/c++/12.3.1/bits/stl_iterator.h:1072:7:constexpr __gnu_cxx::__normal_iterator<_Iterator, _Container>::__normal_iterator(const _Iterator&) [with _Iterator = Package* const*; _Container = std::vector<Package*, util::ring_allocator_std<Package*> >]	16	static
/opt/st/stm32cubeide_1.16.1/plugins/com.st.stm32cube.ide.mcu.externaltools.gnu-tools-for-stm32.12.3.rel1.linux64_1.0.200.202406132123/tools/arm-none-eabi/include/c++/12.3.1/bits/stl_vector.h:1847:14:constexpr std::vector<_Tp, _Alloc>::_Temporary_value::_Storage::_Storage() [with _Tp = Package*; _Alloc = util::ring_allocator_std<Package*>]	16	static
/opt/st/stm32cubeide_1.16.1/plugins/com.st.stm32cube.ide.mcu.externaltools.gnu-tools-for-stm32.12.3.rel1.linux64_1.0.200.202406132123/tools/arm-none-eabi/include/c++/12.3.1/bits/stl_vector.h:1848:25:constexpr std::vector<_Tp, _Alloc>::_Temporary_value::_Storage::~_Storage() [with _Tp = Package*; _Alloc = util::ring_allocator_std<Package*>]	16	static
/opt/st/stm32cubeide_1.16.1/plugins/com.st.stm32cube.ide.mcu.externaltools.gnu-tools-for-stm32.12.3.rel1.linux64_1.0.200.202406132123/tools/arm-none-eabi/include/c++/12.3.1/bits/stl_vector.h:1843:2:constexpr _Tp* std::vector<_Tp, _Alloc>::_Temporary_value::_M_ptr() [with _Tp = Package*; _Alloc = util::ring_allocator_std<Package*>]	16	static
/opt/st/stm32cubeide_1.16.1/plugins/com.st.stm32cube.ide.mcu.externaltools.gnu-tools-for-stm32.12.3.rel1.linux64_1.0.200.202406132123/tools/arm-none-eabi/include/c++/12.3.1/bits/alloc_traits.h:360:2:) [with _Tp = Package*; _Args = {Package*}; _Alloc = util::ring_allocator_std<Package*>]	24	static
/opt/st/stm32cubeide_1.16.1/plugins/com.st.stm32cube.ide.mcu.externaltools.gnu-tools-for-stm32.12.3.rel1.linux64_1.0.200.202406132123/tools/arm-none-eabi/include/c++/12.3.1/bits/stl_algobase.h:883:5:constexpr _BI2 std::move_backward(_BI1, _BI1, _BI2) [with _BI1 = Package**; _BI2 = Package**]	32	static
/opt/st/stm32cubeide_1.16.1/plugins/com.st.stm32cube.ide.mcu.externaltools.gnu-tools-for-stm32.12.3.rel1.linux64_1.0.200.202406132123/tools/arm-none-eabi/include/c++/12.3.1/bits/move.h:77:5:constexpr _Tp&& std::forward(typename remove_reference<_Tp>::type&) [with _Tp = Package*]	16	static
/opt/st/stm32cubeide_1.16.1/plugins/com.st.stm32cube.ide.mcu.externaltools.gnu-tools-for-stm32.12.3.rel1.linux64_1.0.200.202406132123/tools/arm-none-eabi/include/c++/12.3.1/bits/stl_vector.h:993:7:constexpr std::vector<_Tp, _Alloc>::size_type std::vector<_Tp, _Alloc>::max_size() const [with _Tp = Package*; _Alloc = util::ring_allocator_std<Package*>]	16	static
/opt/st/stm32cubeide_1.16.1/plugins/com.st.stm32cube.ide.mcu.externaltools.gnu-tools-for-stm32.12.3.rel1.linux64_1.0.200.202406132123/tools/arm-none-eabi/include/c++/12.3.1/bits/stl_vector.h:375:7:constexpr std::_Vector_base<_Tp, _Alloc>::pointer std::_Vector_base<_Tp, _Alloc>::_M_allocate(std::size_t) [with _Tp = Package*; _Alloc = util::ring_allocator_std<Package*>]	16	static
/opt/st/stm32cubeide_1.16.1/plugins/com.st.stm32cube.ide.mcu.externaltools.gnu-tools-for-stm32.12.3.rel1.linux64_1.0.200.202406132123/tools/arm-none-eabi/include/c++/12.3.1/bits/stl_vector.h:499:7:static constexpr std::vector<_Tp, _Alloc>::pointer std::vector<_Tp, _Alloc>::_S_relocate(pointer, pointer, pointer, _Tp_alloc_type&) [with _Tp = Package*; _Alloc = util::ring_allocator_std<Package*>]	24	static
../Core/Inc/util_ring_allocator_std.h:175:12:void util::ring_allocator_std<T, buffer_alignment>::deallocate(pointer, util::ring_allocator_base_std::size_type) [with T = Package*; unsigned int buffer_alignment = 16]	24	static
../Core/Inc/util_ring_allocator_std.h:173:12:void util::ring_allocator_std<T, buffer_alignment>::destroy(pointer) [with T = Package*; unsigned int buffer_alignment = 16]	16	static
../Core/Inc/util_ring_allocator_std.h:168:12:void util::ring_allocator_std<T, buffer_alignment>::construct(pointer, const value_type&) [with T = Package*; unsigned int buffer_alignment = 16]	24	static
/opt/st/stm32cubeide_1.16.1/plugins/com.st.stm32cube.ide.mcu.externaltools.gnu-tools-for-stm32.12.3.rel1.linux64_1.0.200.202406132123/tools/arm-none-eabi/include/c++/12.3.1/bits/alloc_traits.h:249:2:) [with _Tp = Package*; _Args = {Package*}; _Alloc = util::ring_allocator_std<Package*>]	24	static
/opt/st/stm32cubeide_1.16.1/plugins/com.st.stm32cube.ide.mcu.externaltools.gnu-tools-for-stm32.12.3.rel1.linux64_1.0.200.202406132123/tools/arm-none-eabi/include/c++/12.3.1/bits/cpp_type_traits.h:562:5:constexpr _Iterator std::__miter_base(_Iterator) [with _Iterator = Package**]	16	static
/opt/st/stm32cubeide_1.16.1/plugins/com.st.stm32cube.ide.mcu.externaltools.gnu-tools-for-stm32.12.3.rel1.linux64_1.0.200.202406132123/tools/arm-none-eabi/include/c++/12.3.1/bits/stl_algobase.h:796:5:constexpr _OI std::__copy_move_backward_a(_II, _II, _OI) [with bool _IsMove = true; _II = Package**; _OI = Package**]	32	static
/opt/st/stm32cubeide_1.16.1/plugins/com.st.stm32cube.ide.mcu.externaltools.gnu-tools-for-stm32.12.3.rel1.linux64_1.0.200.202406132123/tools/arm-none-eabi/include/c++/12.3.1/bits/alloc_traits.h:389:7:static constexpr std::allocator_traits< <template-parameter-1-1> >::size_type std::allocator_traits< <template-parameter-1-1> >::max_size(const _Alloc&) [with _Alloc = util::ring_allocator_std<Package*>]	16	static
/opt/st/stm32cubeide_1.16.1/plugins/com.st.stm32cube.ide.mcu.externaltools.gnu-tools-for-stm32.12.3.rel1.linux64_1.0.200.202406132123/tools/arm-none-eabi/include/c++/12.3.1/bits/stl_vector.h:1911:7:static constexpr std::vector<_Tp, _Alloc>::size_type std::vector<_Tp, _Alloc>::_S_max_size(const _Tp_alloc_type&) [with _Tp = Package*; _Alloc = util::ring_allocator_std<Package*>]	24	static
/opt/st/stm32cubeide_1.16.1/plugins/com.st.stm32cube.ide.mcu.externaltools.gnu-tools-for-stm32.12.3.rel1.linux64_1.0.200.202406132123/tools/arm-none-eabi/include/c++/12.3.1/bits/stl_vector.h:303:7:constexpr const std::_Vector_base<_Tp, _Alloc>::_Tp_alloc_type& std::_Vector_base<_Tp, _Alloc>::_M_get_Tp_allocator() const [with _Tp = Package*; _Alloc = util::ring_allocator_std<Package*>]	16	static
/opt/st/stm32cubeide_1.16.1/plugins/com.st.stm32cube.ide.mcu.externaltools.gnu-tools-for-stm32.12.3.rel1.linux64_1.0.200.202406132123/tools/arm-none-eabi/include/c++/12.3.1/bits/alloc_traits.h:317:7:static constexpr std::allocator_traits< <template-parameter-1-1> >::pointer std::allocator_traits< <template-parameter-1-1> >::allocate(_Alloc&, size_type) [with _Alloc = util::ring_allocator_std<Package*>]	16	static
/opt/st/stm32cubeide_1.16.1/plugins/com.st.stm32cube.ide.mcu.externaltools.gnu-tools-for-stm32.12.3.rel1.linux64_1.0.200.202406132123/tools/arm-none-eabi/include/c++/12.3.1/bits/stl_uninitialized.h:1127:5:constexpr _ForwardIterator std::__relocate_a(_InputIterator, _InputIterator, _ForwardIterator, _Allocator&) [with _InputIterator = Package**; _ForwardIterator = Package**; _Allocator = util::ring_allocator_std<Package*>]	32	static
/opt/st/stm32cubeide_1.16.1/plugins/com.st.stm32cube.ide.mcu.externaltools.gnu-tools-for-stm32.12.3.rel1.linux64_1.0.200.202406132123/tools/arm-none-eabi/include/c++/12.3.1/bits/stl_algobase.h:313:5:constexpr _Iterator std::__niter_base(_Iterator) [with _Iterator = Package**]	16	static
/opt/st/stm32cubeide_1.16.1/plugins/com.st.stm32cube.ide.mcu.externaltools.gnu-tools-for-stm32.12.3.rel1.linux64_1.0.200.202406132123/tools/arm-none-eabi/include/c++/12.3.1/bits/stl_algobase.h:768:5:constexpr _BI2 std::__copy_move_backward_a1(_BI1, _BI1, _BI2) [with bool _IsMove = true; _BI1 = Package**; _BI2 = Package**]	24	static
/opt/st/stm32cubeide_1.16.1/plugins/com.st.stm32cube.ide.mcu.externaltools.gnu-tools-for-stm32.12.3.rel1.linux64_1.0.200.202406132123/tools/arm-none-eabi/include/c++/12.3.1/bits/stl_algobase.h:335:5:constexpr _Iterator std::__niter_wrap(const _Iterator&, _Iterator) [with _Iterator = Package**]	16	static
/opt/st/stm32cubeide_1.16.1/plugins/com.st.stm32cube.ide.mcu.externaltools.gnu-tools-for-stm32.12.3.rel1.linux64_1.0.200.202406132123/tools/arm-none-eabi/include/c++/12.3.1/bits/alloc_traits.h:282:2:max_size()) std::allocator_traits< <template-parameter-1-1> >::_S_max_size(_Alloc2&, int) [with _Alloc2 = const util::ring_allocator_std<Package*>; _Alloc = util::ring_allocator_std<Package*>]	16	static
/opt/st/stm32cubeide_1.16.1/plugins/com.st.stm32cube.ide.mcu.externaltools.gnu-tools-for-stm32.12.3.rel1.linux64_1.0.200.202406132123/tools/arm-none-eabi/include/c++/12.3.1/bits/stl_algobase.h:230:5:constexpr const _Tp& std::min(const _Tp&, const _Tp&) [with _Tp = unsigned int]	16	static
../Core/Inc/util_ring_allocator_std.h:158:15:util::ring_allocator_std<T, buffer_alignment>::value_type* util::ring_allocator_std<T, buffer_alignment>::allocate(util::ring_allocator_base_std::size_type, typename util::ring_allocator_std<void, buffer_alignment>::const_pointer) [with T = Package*; unsigned int buffer_alignment = 16]	32	static
/opt/st/stm32cubeide_1.16.1/plugins/com.st.stm32cube.ide.mcu.externaltools.gnu-tools-for-stm32.12.3.rel1.linux64_1.0.200.202406132123/tools/arm-none-eabi/include/c++/12.3.1/bits/stl_uninitialized.h:1078:5:constexpr _ForwardIterator std::__relocate_a_1(_InputIterator, _InputIterator, _ForwardIterator, _Allocator&) [with _InputIterator = Package**; _ForwardIterator = Package**; _Allocator = util::ring_allocator_std<Package*>]	40	static
/opt/st/stm32cubeide_1.16.1/plugins/com.st.stm32cube.ide.mcu.externaltools.gnu-tools-for-stm32.12.3.rel1.linux64_1.0.200.202406132123/tools/arm-none-eabi/include/c++/12.3.1/bits/stl_algobase.h:750:5:constexpr _BI2 std::__copy_move_backward_a2(_BI1, _BI1, _BI2) [with bool _IsMove = true; _BI1 = Package**; _BI2 = Package**]	24	static
../Core/Inc/util_ring_allocator_std.h:150:17:util::ring_allocator_base_std::size_type util::ring_allocator_std<T, buffer_alignment>::max_size() const [with T = Package*; unsigned int buffer_alignment = 16]	16	static
../Core/Inc/util_ring_allocator_std.h:50:18:void* util::ring_allocator_base_std::do_allocate(size_type) [with unsigned int buffer_alignment = 16]	32	static
/opt/st/stm32cubeide_1.16.1/plugins/com.st.stm32cube.ide.mcu.externaltools.gnu-tools-for-stm32.12.3.rel1.linux64_1.0.200.202406132123/tools/arm-none-eabi/include/c++/12.3.1/bits/stl_uninitialized.h:1056:5:constexpr void std::__relocate_object_a(_Tp*, _Up*, _Allocator&) [with _Tp = Package*; _Up = Package*; _Allocator = util::ring_allocator_std<Package*>]	24	static
/opt/st/stm32cubeide_1.16.1/plugins/com.st.stm32cube.ide.mcu.externaltools.gnu-tools-for-stm32.12.3.rel1.linux64_1.0.200.202406132123/tools/arm-none-eabi/include/c++/12.3.1/bits/stl_algobase.h:714:2:static constexpr _BI2 std::__copy_move_backward<true, false, std::random_access_iterator_tag>::__copy_move_b(_BI1, _BI1, _BI2) [with _BI1 = Package**; _BI2 = Package**]	32	static
/opt/st/stm32cubeide_1.16.1/plugins/com.st.stm32cube.ide.mcu.externaltools.gnu-tools-for-stm32.12.3.rel1.linux64_1.0.200.202406132123/tools/arm-none-eabi/include/c++/12.3.1/bits/stl_algobase.h:731:2:static constexpr _Tp* std::__copy_move_backward<_IsMove, true, std::random_access_iterator_tag>::__copy_move_b(const _Tp*, const _Tp*, _Tp*) [with _Tp = Package*; bool _IsMove = true]	32	static
/opt/st/stm32cubeide_1.16.1/plugins/com.st.stm32cube.ide.mcu.externaltools.gnu-tools-for-stm32.12.3.rel1.linux64_1.0.200.202406132123/tools/arm-none-eabi/include/c++/12.3.1/bits/stl_vector.h:133:14:constexpr std::_Vector_base<Package*, util::ring_allocator_std<Package*> >::_Vector_impl::~_Vector_impl()	16	static
/opt/st/stm32cubeide_1.16.1/plugins/com.st.stm32cube.ide.mcu.externaltools.gnu-tools-for-stm32.12.3.rel1.linux64_1.0.200.202406132123/tools/arm-none-eabi/include/c++/12.3.1/bits/stl_vector.h:133:14:virtual constexpr std::_Vector_base<Package*, util::ring_allocator_std<Package*> >::_Vector_impl::~_Vector_impl()	16	static
../Core/Src/cpp_main.cpp:54:1:void __static_initialization_and_destruction_0(int, int)	16	static
../Core/Src/cpp_main.cpp:54:1:cpp)	8	static
../Core/Src/cpp_main.cpp:54:1:cpp)	8	static
